manish
ma
kum
gupt
djdjd
djof
grjnf
nfjd
jnjdj
njdndjn
jnjndj
ndjsdj
sdnsjndwj
ndsjdns'
jndjsdn
nsdjbnwij''ndjsdjb
ndjsdjbbn
bdwjdb
dsbsdj
dsbjhs
ff
ff
ff
1
2
3
4
5
6
7
8
9
0